2026-01-21T06:41:24.492Z  INFO 111 --- [cas-project] [restartedMain] ch.zhaw.casproject.StartApplication      : Starting StartApplication using Java 21.0.9 with PID 111 (/app/target/classes started by root in /app)
2026-01-21T06:41:24.523Z  INFO 111 --- [cas-project] [restartedMain] ch.zhaw.casproject.StartApplication      : The following 1 profile is active: "dev"
2026-01-21T06:41:24.769Z  INFO 111 --- [cas-project] [restartedMain] .e.DevToolsPropertyDefaultsPostProcessor : Devtools property defaults active! Set 'spring.devtools.add-properties' to 'false' to disable
2026-01-21T06:41:24.770Z  INFO 111 --- [cas-project] [restartedMain] .e.DevToolsPropertyDefaultsPostProcessor : For additional web related logging consider setting the 'logging.level.web' property to 'DEBUG'
2026-01-21T06:41:33.236Z  INFO 111 --- [cas-project] [restartedMain] .s.d.r.c.RepositoryConfigurationDelegate : Bootstrapping Spring Data JPA repositories in DEFAULT mode.
2026-01-21T06:41:34.146Z  INFO 111 --- [cas-project] [restartedMain] .s.d.r.c.RepositoryConfigurationDelegate : Finished Spring Data repository scanning in 853 ms. Found 4 JPA repository interfaces.
2026-01-21T06:41:39.111Z  INFO 111 --- [cas-project] [restartedMain] o.s.b.w.embedded.tomcat.TomcatWebServer  : Tomcat initialized with port 8080 (http)
2026-01-21T06:41:39.176Z  INFO 111 --- [cas-project] [restartedMain] o.apache.catalina.core.StandardService   : Starting service [Tomcat]
2026-01-21T06:41:39.178Z  INFO 111 --- [cas-project] [restartedMain] o.apache.catalina.core.StandardEngine    : Starting Servlet engine: [Apache Tomcat/10.1.16]
2026-01-21T06:41:39.646Z  INFO 111 --- [cas-project] [restartedMain] o.a.c.c.C.[Tomcat].[localhost].[/]       : Initializing Spring embedded WebApplicationContext
2026-01-21T06:41:39.647Z  INFO 111 --- [cas-project] [restartedMain] w.s.c.ServletWebServerApplicationContext : Root WebApplicationContext: initialization completed in 14874 ms
2026-01-21T06:41:40.575Z  INFO 111 --- [cas-project] [restartedMain] o.hibernate.jpa.internal.util.LogHelper  : HHH000204: Processing PersistenceUnitInfo [name: default]
2026-01-21T06:41:41.363Z  INFO 111 --- [cas-project] [restartedMain] org.hibernate.Version                    : HHH000412: Hibernate ORM core version 6.3.1.Final
2026-01-21T06:41:41.789Z  INFO 111 --- [cas-project] [restartedMain] o.h.c.internal.RegionFactoryInitiator    : HHH000026: Second-level cache disabled
2026-01-21T06:41:45.131Z  INFO 111 --- [cas-project] [restartedMain] o.s.o.j.p.SpringPersistenceUnitInfo      : No LoadTimeWeaver setup: ignoring JPA class transformer
2026-01-21T06:41:45.400Z  INFO 111 --- [cas-project] [restartedMain] com.zaxxer.hikari.HikariDataSource       : HikariPool-1 - Starting...
2026-01-21T06:41:46.414Z  INFO 111 --- [cas-project] [restartedMain] com.zaxxer.hikari.pool.HikariPool        : HikariPool-1 - Added connection org.postgresql.jdbc.PgConnection@5a942855
2026-01-21T06:41:46.425Z  INFO 111 --- [cas-project] [restartedMain] com.zaxxer.hikari.HikariDataSource       : HikariPool-1 - Start completed.
2026-01-21T06:41:55.081Z  INFO 111 --- [cas-project] [restartedMain] o.h.e.t.j.p.i.JtaPlatformInitiator       : HHH000489: No JTA platform available (set 'hibernate.transaction.jta.platform' to enable JTA platform integration)
2026-01-21T06:41:55.542Z  INFO 111 --- [cas-project] [restartedMain] j.LocalContainerEntityManagerFactoryBean : Initialized JPA EntityManagerFactory for persistence unit 'default'
2026-01-21T06:42:00.138Z  WARN 111 --- [cas-project] [restartedMain] JpaBaseConfiguration$JpaWebConfiguration : spring.jpa.open-in-view is enabled by default. Therefore, database queries may be performed during view rendering. Explicitly configure spring.jpa.open-in-view to disable this warning
2026-01-21T06:42:02.096Z  INFO 111 --- [cas-project] [restartedMain] o.s.s.web.DefaultSecurityFilterChain     : Will secure any request with [org.springframework.security.web.session.DisableEncodeUrlFilter@5b069f1f, org.springframework.security.web.context.request.async.WebAsyncManagerIntegrationFilter@3431ab23, org.springframework.security.web.context.SecurityContextHolderFilter@15d73965, org.springframework.security.web.header.HeaderWriterFilter@379ab939, org.springframework.web.filter.CorsFilter@7fa080e2, org.springframework.security.web.authentication.logout.LogoutFilter@14ed2d43, ch.zhaw.casproject.security.JwtAuthenticationFilter@320840e5, org.springframework.security.web.savedrequest.RequestCacheAwareFilter@201aab0, org.springframework.security.web.servletapi.SecurityContextHolderAwareRequestFilter@550f5a17, org.springframework.security.web.authentication.AnonymousAuthenticationFilter@4e60df3f, org.springframework.security.web.session.SessionManagementFilter@632227aa, org.springframework.security.web.access.ExceptionTranslationFilter@ee300d6, org.springframework.security.web.access.intercept.AuthorizationFilter@62a1bf3b]
2026-01-21T06:42:02.121Z  INFO 111 --- [cas-project] [restartedMain] o.s.s.web.DefaultSecurityFilterChain     : Will secure any request with [org.springframework.security.web.session.DisableEncodeUrlFilter@3e4963fa, org.springframework.security.web.context.request.async.WebAsyncManagerIntegrationFilter@63c3d692, org.springframework.security.web.context.SecurityContextHolderFilter@7e0dbd50, org.springframework.security.web.header.HeaderWriterFilter@131b962e, org.springframework.web.filter.CorsFilter@53af0801, org.springframework.security.web.authentication.logout.LogoutFilter@337dc544, ch.zhaw.casproject.security.JwtAuthenticationFilter@320840e5, org.springframework.security.web.savedrequest.RequestCacheAwareFilter@6ac20543, org.springframework.security.web.servletapi.SecurityContextHolderAwareRequestFilter@25a744d3, org.springframework.security.web.authentication.AnonymousAuthenticationFilter@e11ab69, org.springframework.security.web.session.SessionManagementFilter@75ee08bf, org.springframework.security.web.access.ExceptionTranslationFilter@403a8c2e, org.springframework.security.web.access.intercept.AuthorizationFilter@56f16247]
2026-01-21T06:42:05.974Z  INFO 111 --- [cas-project] [restartedMain] o.s.b.d.a.OptionalLiveReloadServer       : LiveReload server is running on port 35729
2026-01-21T06:42:06.083Z  INFO 111 --- [cas-project] [restartedMain] o.s.b.w.embedded.tomcat.TomcatWebServer  : Tomcat started on port 8080 (http) with context path ''
2026-01-21T06:42:06.102Z  INFO 111 --- [cas-project] [restartedMain] ch.zhaw.casproject.StartApplication      : Started StartApplication in 45.274 seconds (process running for 51.774)
2026-01-21T06:42:19.079Z  INFO 111 --- [cas-project] [http-nio-8080-exec-1] o.a.c.c.C.[Tomcat].[localhost].[/]       : Initializing Spring DispatcherServlet 'dispatcherServlet'
2026-01-21T06:42:19.081Z  INFO 111 --- [cas-project] [http-nio-8080-exec-1] o.s.web.servlet.DispatcherServlet        : Initializing Servlet 'dispatcherServlet'
2026-01-21T06:42:19.084Z  INFO 111 --- [cas-project] [http-nio-8080-exec-1] o.s.web.servlet.DispatcherServlet        : Completed initialization in 3 ms
2026-01-21T06:42:19.206Z  WARN 111 --- [cas-project] [http-nio-8080-exec-2] o.s.w.s.h.HandlerMappingIntrospector     : Cache miss for REQUEST dispatch to '/api/health' (previous null). Performing MatchableHandlerMapping lookup. This is logged once only at WARN level, and every time at TRACE.
2026-01-21T06:50:20.462Z  INFO 111 --- [cas-project] [SpringApplicationShutdownHook] j.LocalContainerEntityManagerFactoryBean : Closing JPA EntityManagerFactory for persistence unit 'default'
2026-01-21T06:50:20.485Z  INFO 111 --- [cas-project] [SpringApplicationShutdownHook] com.zaxxer.hikari.HikariDataSource       : HikariPool-1 - Shutdown initiated...
2026-01-21T06:50:20.492Z  INFO 111 --- [cas-project] [SpringApplicationShutdownHook] com.zaxxer.hikari.HikariDataSource       : HikariPool-1 - Shutdown completed.
2026-01-21T06:50:52.790Z  INFO 103 --- [cas-project] [restartedMain] ch.zhaw.casproject.StartApplication      : Starting StartApplication using Java 21.0.9 with PID 103 (/app/target/classes started by root in /app)
2026-01-21T06:50:52.799Z  INFO 103 --- [cas-project] [restartedMain] ch.zhaw.casproject.StartApplication      : The following 1 profile is active: "dev"
2026-01-21T06:50:53.010Z  INFO 103 --- [cas-project] [restartedMain] .e.DevToolsPropertyDefaultsPostProcessor : Devtools property defaults active! Set 'spring.devtools.add-properties' to 'false' to disable
2026-01-21T06:50:53.011Z  INFO 103 --- [cas-project] [restartedMain] .e.DevToolsPropertyDefaultsPostProcessor : For additional web related logging consider setting the 'logging.level.web' property to 'DEBUG'
2026-01-21T06:51:01.449Z  INFO 103 --- [cas-project] [restartedMain] .s.d.r.c.RepositoryConfigurationDelegate : Bootstrapping Spring Data JPA repositories in DEFAULT mode.
2026-01-21T06:51:02.353Z  INFO 103 --- [cas-project] [restartedMain] .s.d.r.c.RepositoryConfigurationDelegate : Finished Spring Data repository scanning in 847 ms. Found 4 JPA repository interfaces.
2026-01-21T06:51:05.974Z  INFO 103 --- [cas-project] [restartedMain] o.s.b.w.embedded.tomcat.TomcatWebServer  : Tomcat initialized with port 8080 (http)
2026-01-21T06:51:06.038Z  INFO 103 --- [cas-project] [restartedMain] o.apache.catalina.core.StandardService   : Starting service [Tomcat]
2026-01-21T06:51:06.040Z  INFO 103 --- [cas-project] [restartedMain] o.apache.catalina.core.StandardEngine    : Starting Servlet engine: [Apache Tomcat/10.1.16]
2026-01-21T06:51:06.483Z  INFO 103 --- [cas-project] [restartedMain] o.a.c.c.C.[Tomcat].[localhost].[/]       : Initializing Spring embedded WebApplicationContext
2026-01-21T06:51:06.484Z  INFO 103 --- [cas-project] [restartedMain] w.s.c.ServletWebServerApplicationContext : Root WebApplicationContext: initialization completed in 13468 ms
2026-01-21T06:51:07.344Z  INFO 103 --- [cas-project] [restartedMain] o.hibernate.jpa.internal.util.LogHelper  : HHH000204: Processing PersistenceUnitInfo [name: default]
2026-01-21T06:51:08.034Z  INFO 103 --- [cas-project] [restartedMain] org.hibernate.Version                    : HHH000412: Hibernate ORM core version 6.3.1.Final
2026-01-21T06:51:08.371Z  INFO 103 --- [cas-project] [restartedMain] o.h.c.internal.RegionFactoryInitiator    : HHH000026: Second-level cache disabled
2026-01-21T06:51:10.771Z  INFO 103 --- [cas-project] [restartedMain] o.s.o.j.p.SpringPersistenceUnitInfo      : No LoadTimeWeaver setup: ignoring JPA class transformer
2026-01-21T06:51:11.115Z  INFO 103 --- [cas-project] [restartedMain] com.zaxxer.hikari.HikariDataSource       : HikariPool-1 - Starting...
2026-01-21T06:51:12.005Z  INFO 103 --- [cas-project] [restartedMain] com.zaxxer.hikari.pool.HikariPool        : HikariPool-1 - Added connection org.postgresql.jdbc.PgConnection@3ede0db0
2026-01-21T06:51:12.018Z  INFO 103 --- [cas-project] [restartedMain] com.zaxxer.hikari.HikariDataSource       : HikariPool-1 - Start completed.
2026-01-21T06:51:20.539Z  INFO 103 --- [cas-project] [restartedMain] o.h.e.t.j.p.i.JtaPlatformInitiator       : HHH000489: No JTA platform available (set 'hibernate.transaction.jta.platform' to enable JTA platform integration)
2026-01-21T06:51:20.964Z  INFO 103 --- [cas-project] [restartedMain] j.LocalContainerEntityManagerFactoryBean : Initialized JPA EntityManagerFactory for persistence unit 'default'
2026-01-21T06:51:24.608Z  WARN 103 --- [cas-project] [restartedMain] JpaBaseConfiguration$JpaWebConfiguration : spring.jpa.open-in-view is enabled by default. Therefore, database queries may be performed during view rendering. Explicitly configure spring.jpa.open-in-view to disable this warning
2026-01-21T06:51:26.350Z  INFO 103 --- [cas-project] [restartedMain] o.s.s.web.DefaultSecurityFilterChain     : Will secure any request with [org.springframework.security.web.session.DisableEncodeUrlFilter@72d6b1e, org.springframework.security.web.context.request.async.WebAsyncManagerIntegrationFilter@5b55acd8, org.springframework.security.web.context.SecurityContextHolderFilter@5846d132, org.springframework.security.web.header.HeaderWriterFilter@68e74296, org.springframework.web.filter.CorsFilter@7bb53fd, org.springframework.security.web.authentication.logout.LogoutFilter@5931dfc, ch.zhaw.casproject.security.JwtAuthenticationFilter@393fe1e8, org.springframework.security.web.savedrequest.RequestCacheAwareFilter@61ae9175, org.springframework.security.web.servletapi.SecurityContextHolderAwareRequestFilter@9af7882, org.springframework.security.web.authentication.AnonymousAuthenticationFilter@6cd3c6a3, org.springframework.security.web.session.SessionManagementFilter@7a2cfc3d, org.springframework.security.web.access.ExceptionTranslationFilter@724d6707, org.springframework.security.web.access.intercept.AuthorizationFilter@2fbe6340]
2026-01-21T06:51:26.374Z  INFO 103 --- [cas-project] [restartedMain] o.s.s.web.DefaultSecurityFilterChain     : Will secure any request with [org.springframework.security.web.session.DisableEncodeUrlFilter@7f699265, org.springframework.security.web.context.request.async.WebAsyncManagerIntegrationFilter@34cf4df, org.springframework.security.web.context.SecurityContextHolderFilter@1f660abd, org.springframework.security.web.header.HeaderWriterFilter@4841ceed, org.springframework.web.filter.CorsFilter@16387038, org.springframework.security.web.authentication.logout.LogoutFilter@89e88e7, ch.zhaw.casproject.security.JwtAuthenticationFilter@393fe1e8, org.springframework.security.web.savedrequest.RequestCacheAwareFilter@1ade44d3, org.springframework.security.web.servletapi.SecurityContextHolderAwareRequestFilter@5caed7c3, org.springframework.security.web.authentication.AnonymousAuthenticationFilter@7f92ef47, org.springframework.security.web.session.SessionManagementFilter@776186c8, org.springframework.security.web.access.ExceptionTranslationFilter@56ba70e2, org.springframework.security.web.access.intercept.AuthorizationFilter@4ab46ee6]
2026-01-21T06:51:30.441Z  INFO 103 --- [cas-project] [restartedMain] o.s.b.d.a.OptionalLiveReloadServer       : LiveReload server is running on port 35729
2026-01-21T06:51:30.542Z  INFO 103 --- [cas-project] [restartedMain] o.s.b.w.embedded.tomcat.TomcatWebServer  : Tomcat started on port 8080 (http) with context path ''
2026-01-21T06:51:30.559Z  INFO 103 --- [cas-project] [restartedMain] ch.zhaw.casproject.StartApplication      : Started StartApplication in 40.634 seconds (process running for 46.478)
2026-01-21T06:51:34.372Z  INFO 103 --- [cas-project] [http-nio-8080-exec-1] o.a.c.c.C.[Tomcat].[localhost].[/]       : Initializing Spring DispatcherServlet 'dispatcherServlet'
2026-01-21T06:51:34.373Z  INFO 103 --- [cas-project] [http-nio-8080-exec-1] o.s.web.servlet.DispatcherServlet        : Initializing Servlet 'dispatcherServlet'
2026-01-21T06:51:34.376Z  INFO 103 --- [cas-project] [http-nio-8080-exec-1] o.s.web.servlet.DispatcherServlet        : Completed initialization in 2 ms
2026-01-21T06:51:34.498Z  WARN 103 --- [cas-project] [http-nio-8080-exec-2] o.s.w.s.h.HandlerMappingIntrospector     : Cache miss for REQUEST dispatch to '/api/health' (previous null). Performing MatchableHandlerMapping lookup. This is logged once only at WARN level, and every time at TRACE.
